ARM Linker, 4.1 [Build 791] [Standard]

==============================================================================

Section Cross References

    stm32f10x.o(RESET) refers to stm32f10x.o(STACK) for __initial_sp
    stm32f10x.o(RESET) refers to stm32f10x.o(.text) for Reset_Handler
    stm32f10x.o(RESET) refers to stm32f10x_it.o(.text) for NMI_Handler
    stm32f10x.o(.text) refers to entry.o(.ARM.Collect$$$$00000000) for __main
    main.o(.text) refers to stm32f10x_usart.o(.text) for USART_SendData
    main.o(.text) refers to stm32f10x_rcc.o(.text) for RCC_APB2PeriphClockCmd
    main.o(.text) refers to stm32f10x_gpio.o(.text) for GPIO_DeInit
    main.o(.text) refers to misc.o(.text) for NVIC_PriorityGroupConfig
    main.o(.text) refers to system_stm32f10x.o(.text) for SystemInit
    main.o(.text) refers to main.o(.data) for flag
    stm32f10x_it.o(.text) refers to stm32f10x_usart.o(.text) for USART_ClearFlag
    stm32f10x_it.o(.text) refers to stm32f10x_gpio.o(.text) for GPIO_WriteBit
    stm32f10x_it.o(.text) refers to main.o(.data) for test_value
    stm32f10x_gpio.o(.text) refers to stm32f10x_rcc.o(.text) for RCC_APB2PeriphResetCmd
    stm32f10x_rcc.o(.text) refers to stm32f10x_rcc.o(.data) for APBAHBPrescTable
    stm32f10x_usart.o(.text) refers to stm32f10x_rcc.o(.text) for RCC_APB2PeriphResetCmd
    entry.o(.ARM.Collect$$$$00000000) refers (Special) to entry7b.o(.ARM.Collect$$$$00000008) for _main_clock
    entry.o(.ARM.Collect$$$$00000000) refers (Special) to entry8.o(.ARM.Collect$$$$00000009) for _main_init
    entry.o(.ARM.Collect$$$$00000000) refers (Special) to entry5.o(.ARM.Collect$$$$00000004) for _main_scatterload
    entry.o(.ARM.Collect$$$$00000000) refers (Special) to entry2.o(.ARM.Collect$$$$00000001) for _main_stk
    entry2.o(.ARM.Collect$$$$00000001) refers to entry2.o(.ARM.Collect$$$$00002712) for __lit__00000000
    entry2.o(.ARM.Collect$$$$00002712) refers to stm32f10x.o(STACK) for __initial_sp
    entry2.o(__vectab_stack_and_reset_area) refers to stm32f10x.o(STACK) for __initial_sp
    entry2.o(__vectab_stack_and_reset_area) refers to entry.o(.ARM.Collect$$$$00000000) for __main
    entry5.o(.ARM.Collect$$$$00000004) refers to init.o(.text) for __scatterload
    entry8.o(.ARM.Collect$$$$00000009) refers to main.o(.text) for main
    init.o(.text) refers to entry5.o(.ARM.Collect$$$$00000004) for __main_after_scatterload


==============================================================================

Removing Unused input sections from the image.

    Removing stm32f10x.o(HEAP), (0 bytes).
    Removing core_cm3.o(.emb_text), (32 bytes).
    Removing system_stm32f10x.o(.constdata), (20 bytes).

3 unused section(s) (total 52 bytes) removed from the image.

==============================================================================

Image Symbol Table

    Local Symbols

    Symbol Name                              Value     Ov Type        Size  Object(Section)

    ../../microlib/init/entry.s              0x00000000   Number         0  entry2.o ABSOLUTE
    ../../microlib/init/entry.s              0x00000000   Number         0  entry.o ABSOLUTE
    ../../microlib/init/entry.s              0x00000000   Number         0  entry8.o ABSOLUTE
    ../../microlib/init/entry.s              0x00000000   Number         0  entry7b.o ABSOLUTE
    ../../microlib/init/entry.s              0x00000000   Number         0  entry7a.o ABSOLUTE
    ../../microlib/init/entry.s              0x00000000   Number         0  entry5.o ABSOLUTE
    STM32F10x.s                              0x00000000   Number         0  stm32f10x.o ABSOLUTE
    USER\main.c                              0x00000000   Number         0  main.o ABSOLUTE
    dc.s                                     0x00000000   Number         0  dc.o ABSOLUTE
    handlers.s                               0x00000000   Number         0  handlers.o ABSOLUTE
    init.s                                   0x00000000   Number         0  init.o ABSOLUTE
    library\CMSIS\Core\CM3\core_cm3.c        0x00000000   Number         0  core_cm3.o ABSOLUTE
    library\CMSIS\Core\CM3\system_stm32f10x.c 0x00000000   Number         0  system_stm32f10x.o ABSOLUTE
    library\STM32F10x_StdPeriph_Driver\src\misc.c 0x00000000   Number         0  misc.o ABSOLUTE
    library\STM32F10x_StdPeriph_Driver\src\stm32f10x_gpio.c 0x00000000   Number         0  stm32f10x_gpio.o ABSOLUTE
    library\STM32F10x_StdPeriph_Driver\src\stm32f10x_rcc.c 0x00000000   Number         0  stm32f10x_rcc.o ABSOLUTE
    library\STM32F10x_StdPeriph_Driver\src\stm32f10x_usart.c 0x00000000   Number         0  stm32f10x_usart.o ABSOLUTE
    library\Template\stm32f10x_it.c          0x00000000   Number         0  stm32f10x_it.o ABSOLUTE
    library\\CMSIS\\Core\\CM3\\core_cm3.c    0x00000000   Number         0  core_cm3.o ABSOLUTE
    RESET                                    0x08000000   Section      236  stm32f10x.o(RESET)
    .ARM.Collect$$$$00000000                 0x080000ec   Section        0  entry.o(.ARM.Collect$$$$00000000)
    .ARM.Collect$$$$00000001                 0x080000ec   Section        4  entry2.o(.ARM.Collect$$$$00000001)
    .ARM.Collect$$$$00000004                 0x080000f0   Section        4  entry5.o(.ARM.Collect$$$$00000004)
    .ARM.Collect$$$$00000008                 0x080000f4   Section        0  entry7b.o(.ARM.Collect$$$$00000008)
    .ARM.Collect$$$$00000009                 0x080000f4   Section        8  entry8.o(.ARM.Collect$$$$00000009)
    .ARM.Collect$$$$00002712                 0x080000fc   Section        4  entry2.o(.ARM.Collect$$$$00002712)
    __lit__00000000                          0x080000fc   Data           4  entry2.o(.ARM.Collect$$$$00002712)
    .text                                    0x08000100   Section       28  stm32f10x.o(.text)
    .text                                    0x0800011c   Section        0  main.o(.text)
    .text                                    0x08000300   Section        0  stm32f10x_it.o(.text)
    .text                                    0x08000390   Section        0  stm32f10x_gpio.o(.text)
    .text                                    0x08000710   Section        0  stm32f10x_rcc.o(.text)
    .text                                    0x08000b24   Section        0  system_stm32f10x.o(.text)
    SetSysClockTo72                          0x08000b25   Thumb Code   206  system_stm32f10x.o(.text)
    SetSysClock                              0x08000bf3   Thumb Code     8  system_stm32f10x.o(.text)
    .text                                    0x08000c54   Section        0  misc.o(.text)
    .text                                    0x08000d54   Section        0  stm32f10x_usart.o(.text)
    .text                                    0x0800115c   Section       36  init.o(.text)
    i.__scatterload_copy                     0x08001180   Section       14  handlers.o(i.__scatterload_copy)
    i.__scatterload_null                     0x0800118e   Section        2  handlers.o(i.__scatterload_null)
    i.__scatterload_zeroinit                 0x08001190   Section       14  handlers.o(i.__scatterload_zeroinit)
    .data                                    0x20000000   Section      102  main.o(.data)
    .data                                    0x20000066   Section       20  stm32f10x_rcc.o(.data)
    APBAHBPrescTable                         0x20000066   Data          16  stm32f10x_rcc.o(.data)
    ADCPrescTable                            0x20000076   Data           4  stm32f10x_rcc.o(.data)
    STACK                                    0x20000080   Section      512  stm32f10x.o(STACK)

    Global Symbols

    Symbol Name                              Value     Ov Type        Size  Object(Section)

    BuildAttributes$$THM_ISAv4$P$D$K$B$S$PE$A:L22UL41UL21$X:L11$S22US41US21$IEEE1$IW$USESV6$~STKCKD$USESV7$~SHL$OSPACE$EBA8$MICROLIB$REQ8$PRES8$EABIv2 0x00000000   Number         0  anon$$obj.o ABSOLUTE
    __ARM_use_no_argv                        0x00000000   Number         0  main.o ABSOLUTE
    __decompress                              - Undefined Weak Reference
    _clock_init                               - Undefined Weak Reference
    __Vectors                                0x08000000   Data           4  stm32f10x.o(RESET)
    __main                                   0x080000ed   Thumb Code     0  entry.o(.ARM.Collect$$$$00000000)
    _main_stk                                0x080000ed   Thumb Code     0  entry2.o(.ARM.Collect$$$$00000001)
    _main_scatterload                        0x080000f1   Thumb Code     0  entry5.o(.ARM.Collect$$$$00000004)
    __main_after_scatterload                 0x080000f5   Thumb Code     0  entry5.o(.ARM.Collect$$$$00000004)
    _main_clock                              0x080000f5   Thumb Code     0  entry7b.o(.ARM.Collect$$$$00000008)
    _main_init                               0x080000f5   Thumb Code     0  entry8.o(.ARM.Collect$$$$00000009)
    Reset_Handler                            0x08000101   Thumb Code     4  stm32f10x.o(.text)
    ADC_IRQHandler                           0x08000117   Thumb Code     0  stm32f10x.o(.text)
    CAN_RX1_IRQHandler                       0x08000117   Thumb Code     0  stm32f10x.o(.text)
    CAN_SCE_IRQHandler                       0x08000117   Thumb Code     0  stm32f10x.o(.text)
    DMAChannel1_IRQHandler                   0x08000117   Thumb Code     0  stm32f10x.o(.text)
    DMAChannel2_IRQHandler                   0x08000117   Thumb Code     0  stm32f10x.o(.text)
    DMAChannel3_IRQHandler                   0x08000117   Thumb Code     0  stm32f10x.o(.text)
    DMAChannel4_IRQHandler                   0x08000117   Thumb Code     0  stm32f10x.o(.text)
    DMAChannel5_IRQHandler                   0x08000117   Thumb Code     0  stm32f10x.o(.text)
    DMAChannel6_IRQHandler                   0x08000117   Thumb Code     0  stm32f10x.o(.text)
    DMAChannel7_IRQHandler                   0x08000117   Thumb Code     0  stm32f10x.o(.text)
    EXTI0_IRQHandler                         0x08000117   Thumb Code     0  stm32f10x.o(.text)
    EXTI15_10_IRQHandler                     0x08000117   Thumb Code     0  stm32f10x.o(.text)
    EXTI1_IRQHandler                         0x08000117   Thumb Code     0  stm32f10x.o(.text)
    EXTI2_IRQHandler                         0x08000117   Thumb Code     0  stm32f10x.o(.text)
    EXTI3_IRQHandler                         0x08000117   Thumb Code     0  stm32f10x.o(.text)
    EXTI4_IRQHandler                         0x08000117   Thumb Code     0  stm32f10x.o(.text)
    EXTI9_5_IRQHandler                       0x08000117   Thumb Code     0  stm32f10x.o(.text)
    FLASH_IRQHandler                         0x08000117   Thumb Code     0  stm32f10x.o(.text)
    I2C1_ER_IRQHandler                       0x08000117   Thumb Code     0  stm32f10x.o(.text)
    I2C1_EV_IRQHandler                       0x08000117   Thumb Code     0  stm32f10x.o(.text)
    I2C2_ER_IRQHandler                       0x08000117   Thumb Code     0  stm32f10x.o(.text)
    I2C2_EV_IRQHandler                       0x08000117   Thumb Code     0  stm32f10x.o(.text)
    PVD_IRQHandler                           0x08000117   Thumb Code     0  stm32f10x.o(.text)
    RCC_IRQHandler                           0x08000117   Thumb Code     0  stm32f10x.o(.text)
    RTCAlarm_IRQHandler                      0x08000117   Thumb Code     0  stm32f10x.o(.text)
    RTC_IRQHandler                           0x08000117   Thumb Code     0  stm32f10x.o(.text)
    SPI1_IRQHandler                          0x08000117   Thumb Code     0  stm32f10x.o(.text)
    SPI2_IRQHandler                          0x08000117   Thumb Code     0  stm32f10x.o(.text)
    TAMPER_IRQHandler                        0x08000117   Thumb Code     0  stm32f10x.o(.text)
    TIM1_BRK_IRQHandler                      0x08000117   Thumb Code     0  stm32f10x.o(.text)
    TIM1_CC_IRQHandler                       0x08000117   Thumb Code     0  stm32f10x.o(.text)
    TIM1_TRG_COM_IRQHandler                  0x08000117   Thumb Code     0  stm32f10x.o(.text)
    TIM1_UP_IRQHandler                       0x08000117   Thumb Code     0  stm32f10x.o(.text)
    TIM2_IRQHandler                          0x08000117   Thumb Code     0  stm32f10x.o(.text)
    TIM3_IRQHandler                          0x08000117   Thumb Code     0  stm32f10x.o(.text)
    TIM4_IRQHandler                          0x08000117   Thumb Code     0  stm32f10x.o(.text)
    USART2_IRQHandler                        0x08000117   Thumb Code     0  stm32f10x.o(.text)
    USART3_IRQHandler                        0x08000117   Thumb Code     0  stm32f10x.o(.text)
    USBWakeUp_IRQHandler                     0x08000117   Thumb Code     0  stm32f10x.o(.text)
    USB_HP_CAN_TX_IRQHandler                 0x08000117   Thumb Code     0  stm32f10x.o(.text)
    USB_LP_CAN_RX0_IRQHandler                0x08000117   Thumb Code     0  stm32f10x.o(.text)
    WWDG_IRQHandler                          0x08000117   Thumb Code     0  stm32f10x.o(.text)
    fputc                                    0x0800011d   Thumb Code    32  main.o(.text)
    fgetc                                    0x0800013d   Thumb Code    26  main.o(.text)
    GPIO_Configration                        0x08000157   Thumb Code   112  main.o(.text)
    NVIC_Configration                        0x080001c7   Thumb Code    46  main.o(.text)
    USART_Configration                       0x080001f5   Thumb Code    76  main.o(.text)
    sysinit                                  0x08000241   Thumb Code    20  main.o(.text)
    main                                     0x08000255   Thumb Code   146  main.o(.text)
    NMI_Handler                              0x08000301   Thumb Code     2  stm32f10x_it.o(.text)
    HardFault_Handler                        0x08000303   Thumb Code     4  stm32f10x_it.o(.text)
    MemManage_Handler                        0x08000307   Thumb Code     4  stm32f10x_it.o(.text)
    BusFault_Handler                         0x0800030b   Thumb Code     4  stm32f10x_it.o(.text)
    UsageFault_Handler                       0x0800030f   Thumb Code     4  stm32f10x_it.o(.text)
    SVC_Handler                              0x08000313   Thumb Code     2  stm32f10x_it.o(.text)
    DebugMon_Handler                         0x08000315   Thumb Code     2  stm32f10x_it.o(.text)
    PendSV_Handler                           0x08000317   Thumb Code     2  stm32f10x_it.o(.text)
    SysTick_Handler                          0x08000319   Thumb Code     2  stm32f10x_it.o(.text)
    USART1_IRQHandler                        0x0800031b   Thumb Code   100  stm32f10x_it.o(.text)
    GPIO_DeInit                              0x08000391   Thumb Code   190  stm32f10x_gpio.o(.text)
    GPIO_AFIODeInit                          0x0800044f   Thumb Code    20  stm32f10x_gpio.o(.text)
    GPIO_Init                                0x08000463   Thumb Code   292  stm32f10x_gpio.o(.text)
    GPIO_StructInit                          0x08000587   Thumb Code    20  stm32f10x_gpio.o(.text)
    GPIO_ReadInputDataBit                    0x0800059b   Thumb Code    24  stm32f10x_gpio.o(.text)
    GPIO_ReadInputData                       0x080005b3   Thumb Code     8  stm32f10x_gpio.o(.text)
    GPIO_ReadOutputDataBit                   0x080005bb   Thumb Code    24  stm32f10x_gpio.o(.text)
    GPIO_ReadOutputData                      0x080005d3   Thumb Code     8  stm32f10x_gpio.o(.text)
    GPIO_SetBits                             0x080005db   Thumb Code     4  stm32f10x_gpio.o(.text)
    GPIO_ResetBits                           0x080005df   Thumb Code     4  stm32f10x_gpio.o(.text)
    GPIO_WriteBit                            0x080005e3   Thumb Code    10  stm32f10x_gpio.o(.text)
    GPIO_Write                               0x080005ed   Thumb Code     4  stm32f10x_gpio.o(.text)
    GPIO_PinLockConfig                       0x080005f1   Thumb Code    20  stm32f10x_gpio.o(.text)
    GPIO_EventOutputConfig                   0x08000605   Thumb Code    32  stm32f10x_gpio.o(.text)
    GPIO_EventOutputCmd                      0x08000625   Thumb Code     6  stm32f10x_gpio.o(.text)
    GPIO_PinRemapConfig                      0x0800062b   Thumb Code   124  stm32f10x_gpio.o(.text)
    GPIO_EXTILineConfig                      0x080006a7   Thumb Code    84  stm32f10x_gpio.o(.text)
    RCC_DeInit                               0x08000711   Thumb Code    68  stm32f10x_rcc.o(.text)
    RCC_HSEConfig                            0x08000755   Thumb Code    70  stm32f10x_rcc.o(.text)
    RCC_GetFlagStatus                        0x0800079b   Thumb Code    68  stm32f10x_rcc.o(.text)
    RCC_WaitForHSEStartUp                    0x080007df   Thumb Code    54  stm32f10x_rcc.o(.text)
    RCC_AdjustHSICalibrationValue            0x08000815   Thumb Code    22  stm32f10x_rcc.o(.text)
    RCC_HSICmd                               0x0800082b   Thumb Code     6  stm32f10x_rcc.o(.text)
    RCC_PLLConfig                            0x08000831   Thumb Code    28  stm32f10x_rcc.o(.text)
    RCC_PLLCmd                               0x0800084d   Thumb Code     6  stm32f10x_rcc.o(.text)
    RCC_SYSCLKConfig                         0x08000853   Thumb Code    22  stm32f10x_rcc.o(.text)
    RCC_GetSYSCLKSource                      0x08000869   Thumb Code    10  stm32f10x_rcc.o(.text)
    RCC_HCLKConfig                           0x08000873   Thumb Code    22  stm32f10x_rcc.o(.text)
    RCC_PCLK1Config                          0x08000889   Thumb Code    22  stm32f10x_rcc.o(.text)
    RCC_PCLK2Config                          0x0800089f   Thumb Code    22  stm32f10x_rcc.o(.text)
    RCC_ITConfig                             0x080008b5   Thumb Code    36  stm32f10x_rcc.o(.text)
    RCC_USBCLKConfig                         0x080008d9   Thumb Code     6  stm32f10x_rcc.o(.text)
    RCC_ADCCLKConfig                         0x080008df   Thumb Code    22  stm32f10x_rcc.o(.text)
    RCC_LSEConfig                            0x080008f5   Thumb Code    50  stm32f10x_rcc.o(.text)
    RCC_LSICmd                               0x08000927   Thumb Code     6  stm32f10x_rcc.o(.text)
    RCC_RTCCLKConfig                         0x0800092d   Thumb Code    14  stm32f10x_rcc.o(.text)
    RCC_RTCCLKCmd                            0x0800093b   Thumb Code     6  stm32f10x_rcc.o(.text)
    RCC_GetClocksFreq                        0x08000941   Thumb Code   216  stm32f10x_rcc.o(.text)
    RCC_AHBPeriphClockCmd                    0x08000a19   Thumb Code    30  stm32f10x_rcc.o(.text)
    RCC_APB2PeriphClockCmd                   0x08000a37   Thumb Code    30  stm32f10x_rcc.o(.text)
    RCC_APB1PeriphClockCmd                   0x08000a55   Thumb Code    30  stm32f10x_rcc.o(.text)
    RCC_APB2PeriphResetCmd                   0x08000a73   Thumb Code    30  stm32f10x_rcc.o(.text)
    RCC_APB1PeriphResetCmd                   0x08000a91   Thumb Code    30  stm32f10x_rcc.o(.text)
    RCC_BackupResetCmd                       0x08000aaf   Thumb Code     6  stm32f10x_rcc.o(.text)
    RCC_ClockSecuritySystemCmd               0x08000ab5   Thumb Code     6  stm32f10x_rcc.o(.text)
    RCC_MCOConfig                            0x08000abb   Thumb Code     6  stm32f10x_rcc.o(.text)
    RCC_ClearFlag                            0x08000ac1   Thumb Code    14  stm32f10x_rcc.o(.text)
    RCC_GetITStatus                          0x08000acf   Thumb Code    26  stm32f10x_rcc.o(.text)
    RCC_ClearITPendingBit                    0x08000ae9   Thumb Code    60  stm32f10x_rcc.o(.text)
    SystemInit                               0x08000bfb   Thumb Code    74  system_stm32f10x.o(.text)
    NVIC_PriorityGroupConfig                 0x08000c55   Thumb Code    12  misc.o(.text)
    NVIC_Init                                0x08000c61   Thumb Code   128  misc.o(.text)
    NVIC_SetVectorTable                      0x08000ce1   Thumb Code    16  misc.o(.text)
    NVIC_SystemLPConfig                      0x08000cf1   Thumb Code    30  misc.o(.text)
    SysTick_CLKSourceConfig                  0x08000d0f   Thumb Code    40  misc.o(.text)
    USART_DeInit                             0x08000d55   Thumb Code   148  stm32f10x_usart.o(.text)
    USART_Init                               0x08000de9   Thumb Code   182  stm32f10x_usart.o(.text)
    USART_StructInit                         0x08000e9f   Thumb Code    30  stm32f10x_usart.o(.text)
    USART_ClockInit                          0x08000ebd   Thumb Code    46  stm32f10x_usart.o(.text)
    USART_ClockStructInit                    0x08000eeb   Thumb Code    14  stm32f10x_usart.o(.text)
    USART_Cmd                                0x08000ef9   Thumb Code    26  stm32f10x_usart.o(.text)
    USART_ITConfig                           0x08000f13   Thumb Code    78  stm32f10x_usart.o(.text)
    USART_DMACmd                             0x08000f61   Thumb Code    30  stm32f10x_usart.o(.text)
    USART_SetAddress                         0x08000f7f   Thumb Code    22  stm32f10x_usart.o(.text)
    USART_WakeUpConfig                       0x08000f95   Thumb Code    22  stm32f10x_usart.o(.text)
    USART_ReceiverWakeUpCmd                  0x08000fab   Thumb Code    26  stm32f10x_usart.o(.text)
    USART_LINBreakDetectLengthConfig         0x08000fc5   Thumb Code    22  stm32f10x_usart.o(.text)
    USART_LINCmd                             0x08000fdb   Thumb Code    26  stm32f10x_usart.o(.text)
    USART_SendData                           0x08000ff5   Thumb Code     8  stm32f10x_usart.o(.text)
    USART_ReceiveData                        0x08000ffd   Thumb Code    10  stm32f10x_usart.o(.text)
    USART_SendBreak                          0x08001007   Thumb Code    10  stm32f10x_usart.o(.text)
    USART_SetGuardTime                       0x08001011   Thumb Code    16  stm32f10x_usart.o(.text)
    USART_SetPrescaler                       0x08001021   Thumb Code    18  stm32f10x_usart.o(.text)
    USART_SmartCardCmd                       0x08001033   Thumb Code    26  stm32f10x_usart.o(.text)
    USART_SmartCardNACKCmd                   0x0800104d   Thumb Code    26  stm32f10x_usart.o(.text)
    USART_HalfDuplexCmd                      0x08001067   Thumb Code    26  stm32f10x_usart.o(.text)
    USART_IrDAConfig                         0x08001081   Thumb Code    22  stm32f10x_usart.o(.text)
    USART_IrDACmd                            0x08001097   Thumb Code    26  stm32f10x_usart.o(.text)
    USART_GetFlagStatus                      0x080010b1   Thumb Code    24  stm32f10x_usart.o(.text)
    USART_ClearFlag                          0x080010c9   Thumb Code     8  stm32f10x_usart.o(.text)
    USART_GetITStatus                        0x080010d1   Thumb Code    96  stm32f10x_usart.o(.text)
    USART_ClearITPendingBit                  0x08001131   Thumb Code    44  stm32f10x_usart.o(.text)
    __scatterload                            0x0800115d   Thumb Code    28  init.o(.text)
    __scatterload_rt2                        0x0800115d   Thumb Code     0  init.o(.text)
    __scatterload_copy                       0x08001181   Thumb Code    14  handlers.o(i.__scatterload_copy)
    __scatterload_null                       0x0800118f   Thumb Code     2  handlers.o(i.__scatterload_null)
    __scatterload_zeroinit                   0x08001191   Thumb Code    14  handlers.o(i.__scatterload_zeroinit)
    Region$$Table$$Base                      0x080011a0   Number         0  anon$$obj.o(Region$$Table)
    Region$$Table$$Limit                     0x080011c0   Number         0  anon$$obj.o(Region$$Table)
    test_value                               0x20000000   Data           1  main.o(.data)
    flag                                     0x20000001   Data           1  main.o(.data)
    u1test                                   0x20000002   Data          50  main.o(.data)
    u2test                                   0x20000034   Data          50  main.o(.data)
    __initial_sp                             0x20000280   Data           0  stm32f10x.o(STACK)



==============================================================================

Memory Map of the image

  Image Entry point : 0x08000101

  Load Region LR_1 (Base: 0x08000000, Size: 0x0000123c, Max: 0xffffffff, ABSOLUTE)

    Execution Region ER_RO (Base: 0x08000000, Size: 0x000011c0, Max: 0xffffffff, ABSOLUTE)

    Base Addr    Size         Type   Attr      Idx    E Section Name        Object

    0x08000000   0x000000ec   Data   RO            3    RESET               stm32f10x.o
    0x080000ec   0x00000000   Code   RO          158  * .ARM.Collect$$$$00000000  mc_w.l(entry.o)
    0x080000ec   0x00000004   Code   RO          161    .ARM.Collect$$$$00000001  mc_w.l(entry2.o)
    0x080000f0   0x00000004   Code   RO          164    .ARM.Collect$$$$00000004  mc_w.l(entry5.o)
    0x080000f4   0x00000000   Code   RO          166    .ARM.Collect$$$$00000008  mc_w.l(entry7b.o)
    0x080000f4   0x00000008   Code   RO          167    .ARM.Collect$$$$00000009  mc_w.l(entry8.o)
    0x080000fc   0x00000004   Code   RO          162    .ARM.Collect$$$$00002712  mc_w.l(entry2.o)
    0x08000100   0x0000001c   Code   RO            4  * .text               stm32f10x.o
    0x0800011c   0x000001e4   Code   RO           10    .text               main.o
    0x08000300   0x00000090   Code   RO           58    .text               stm32f10x_it.o
    0x08000390   0x00000380   Code   RO           74    .text               stm32f10x_gpio.o
    0x08000710   0x00000414   Code   RO           86    .text               stm32f10x_rcc.o
    0x08000b24   0x00000130   Code   RO          110    .text               system_stm32f10x.o
    0x08000c54   0x00000100   Code   RO          134    .text               misc.o
    0x08000d54   0x00000408   Code   RO          146    .text               stm32f10x_usart.o
    0x0800115c   0x00000024   Code   RO          168    .text               mc_w.l(init.o)
    0x08001180   0x0000000e   Code   RO          172    i.__scatterload_copy  mc_w.l(handlers.o)
    0x0800118e   0x00000002   Code   RO          173    i.__scatterload_null  mc_w.l(handlers.o)
    0x08001190   0x0000000e   Code   RO          174    i.__scatterload_zeroinit  mc_w.l(handlers.o)
    0x0800119e   0x00000002   PAD
    0x080011a0   0x00000020   Data   RO          170    Region$$Table       anon$$obj.o


    Execution Region ER_RW (Base: 0x20000000, Size: 0x0000007c, Max: 0xffffffff, ABSOLUTE)

    Base Addr    Size         Type   Attr      Idx    E Section Name        Object

    0x20000000   0x00000066   Data   RW           11    .data               main.o
    0x20000066   0x00000014   Data   RW           87    .data               stm32f10x_rcc.o


    Execution Region ER_ZI (Base: 0x2000007c, Size: 0x00000204, Max: 0xffffffff, ABSOLUTE)

    Base Addr    Size         Type   Attr      Idx    E Section Name        Object

    0x2000007c   0x00000004   PAD
    0x20000080   0x00000200   Zero   RW            1    STACK               stm32f10x.o


==============================================================================

Image component sizes


      Code (inc. data)   RO Data    RW Data    ZI Data      Debug   Object Name

       484         26          0        102          0     231146   main.o
       256         30          0          0          0       1809   misc.o
        28          4        236          0        512        736   stm32f10x.o
       896         22          0          0          0       5307   stm32f10x_gpio.o
       144         18          0          0          0       1412   stm32f10x_it.o
      1044         54          0         20          0       8952   stm32f10x_rcc.o
      1032         14          0          0          0       7955   stm32f10x_usart.o
       304         16          0          0          0       1181   system_stm32f10x.o

    ----------------------------------------------------------------------
      4188        184        268        124        516     258498   Object Totals
         0          0         32          0          0          0   (incl. Generated)
         0          0          0          2          4          0   (incl. Padding)

    ----------------------------------------------------------------------

      Code (inc. data)   RO Data    RW Data    ZI Data      Debug   Library Member Name

         0          0          0          0          0          0   entry.o
         8          4          0          0          0          0   entry2.o
         4          0          0          0          0          0   entry5.o
         0          0          0          0          0          0   entry7b.o
         8          4          0          0          0          0   entry8.o
        30          0          0          0          0          0   handlers.o
        36          8          0          0          0         68   init.o

    ----------------------------------------------------------------------
        88         16          0          0          0         68   Library Totals
         2          0          0          0          0          0   (incl. Padding)

    ----------------------------------------------------------------------

      Code (inc. data)   RO Data    RW Data    ZI Data      Debug   Library Name

        86         16          0          0          0         68   mc_w.l

    ----------------------------------------------------------------------
        88         16          0          0          0         68   Library Totals

    ----------------------------------------------------------------------

==============================================================================


      Code (inc. data)   RO Data    RW Data    ZI Data      Debug   

      4276        200        268        124        516     257942   Grand Totals
      4276        200        268        124        516     257942   ELF Image Totals
      4276        200        268        124          0          0   ROM Totals

==============================================================================

    Total RO  Size (Code + RO Data)                 4544 (   4.44kB)
    Total RW  Size (RW Data + ZI Data)               640 (   0.63kB)
    Total ROM Size (Code + RO Data + RW Data)       4668 (   4.56kB)

==============================================================================

