<html>
<body>
<pre>
<h1>礦ision Build Log</h1>
<h2>Project:</h2>
F:\单片机\STM 32\STM32学习程序\USART_STUDY\程序\USART1\USART1.uvproj
Project File Date:  05/26/2013

<h2>Output:</h2>
Build target 'Target 1'
linking...
Program Size: Code=4276 RO-data=268 RW-data=124 ZI-data=516  
FromELF: creating hex file...
"USART1.axf" - 0 Error(s), 0 Warning(s).
Build target 'Target 1'
linking...
Program Size: Code=4276 RO-data=268 RW-data=124 ZI-data=516  
FromELF: creating hex file...
"USART1.axf" - 0 Error(s), 0 Warning(s).
Build target 'Target 1'
assembling STM32F10x.s...
compiling main.c...
compiling stm32f10x_it.c...
compiling stm32f10x_gpio.c...
compiling stm32f10x_rcc.c...
compiling core_cm3.c...
compiling system_stm32f10x.c...
compiling misc.c...
compiling stm32f10x_usart.c...
linking...
Program Size: Code=4276 RO-data=268 RW-data=124 ZI-data=516  
FromELF: creating hex file...
".\USER\USART1.axf" - 0 Error(s), 0 Warning(s).
Load "F:\\单片机\\STM 32\\STM32学习程序\\USART_STUDY\\程序\\USART1\\USER\\USART1.AXF" 
Internal DLL Error
Load "F:\\单片机\\STM 32\\STM32学习程序\\USART_STUDY\\程序\\USART1\\USER\\USART1.AXF" 
Internal DLL Error
Load "F:\\单片机\\STM 32\\STM32学习程序\\USART_STUDY\\程序\\USART1\\USER\\USART1.AXF" 
* JLink Info: Device "STM32F103RB" selected (128 KB flash, 20 KB RAM).
Set JLink Project File to "F:\单片机\STM 32\STM32学习程序\USART_STUDY\程序\USART1\JLinkSettings.ini"
 
JLink info:
------------
DLL: V4.35b, compiled Sep  2 2011 18:34:46
Firmware: J-Link ARM V8 compiled Sep  2 2011 17:54:36
Hardware: V8.00
S/N : 17935099 
Feature(s) : RDI,FlashDL,FlashBP,JFlash 
 
* JLink Info: TotalIRLen = ?, IRPrint = 0x..FFFFFFFFFFFFFFFFFFFFFE11
**JLink Warning: CPU core not found.
Load "F:\\单片机\\STM 32\\STM32学习程序\\USART_STUDY\\程序\\USART1\\USER\\USART1.AXF" 
* JLink Info: Device "STM32F103RB" selected (128 KB flash, 20 KB RAM).
Set JLink Project File to "F:\单片机\STM 32\STM32学习程序\USART_STUDY\程序\USART1\JLinkSettings.ini"
 
JLink info:
------------
DLL: V4.35b, compiled Sep  2 2011 18:34:46
Firmware: J-Link ARM V8 compiled Sep  2 2011 17:54:36
Hardware: V8.00
S/N : 17935099 
Feature(s) : RDI,FlashDL,FlashBP,JFlash 
 
* JLink Info: TotalIRLen = 9, IRPrint = 0x0011
* JLink Info: Found Cortex-M3 r1p1, Little endian.
* JLink Info: TPIU fitted.
* JLink Info:   FPUnit: 6 code (BP) slots and 2 literal slots
ROMTableAddr = 0xE00FF003
* JLink Info: TotalIRLen = 9, IRPrint = 0x0011
* JLink Info: Found Cortex-M3 r1p1, Little endian.
* JLink Info: TPIU fitted.
* JLink Info:   FPUnit: 6 code (BP) slots and 2 literal slots
 
Target info:
------------
Device: STM32F103RB
VTarget = 3.319V
State of Pins: 
TCK: 1, TDI: 0, TDO: 1, TMS: 0, TRES: 1, TRST: 1
Hardware-Breakpoints: 6
Software-Breakpoints: 8192
Watchpoints:          4
JTAG speed: 50 kHz
 
**JLink Warning: Could not read memory location 0x20000000 when trying to set soft RAM BP
Cannot setup Breakpoint at Address
**JLink Warning: Could not read memory location 0x20000000 when trying to set soft RAM BP
Cannot setup Breakpoint at Address
**JLink Warning: Could not read memory location 0x20000000 when trying to set soft RAM BP
Cannot setup Breakpoint at Address
Erase Failed!
Load "F:\\单片机\\STM 32\\STM32学习程序\\USART_STUDY\\程序\\USART1\\USER\\USART1.AXF" 
* JLink Info: Device "STM32F103RB" selected (128 KB flash, 20 KB RAM).
Set JLink Project File to "F:\单片机\STM 32\STM32学习程序\USART_STUDY\程序\USART1\JLinkSettings.ini"
 
JLink info:
------------
DLL: V4.35b, compiled Sep  2 2011 18:34:46
Firmware: J-Link ARM V8 compiled Sep  2 2011 17:54:36
Hardware: V8.00
S/N : 17935099 
Feature(s) : RDI,FlashDL,FlashBP,JFlash 
 
* JLink Info: TotalIRLen = ?, IRPrint = 0x..FFFFFFFFFFFFFFFFFFFFFE11
**JLink Warning: CPU core not found.
Load "F:\\单片机\\STM 32\\STM32学习程序\\USART_STUDY\\程序\\USART1\\USER\\USART1.AXF" 
* JLink Info: Device "STM32F103RB" selected (128 KB flash, 20 KB RAM).
Set JLink Project File to "F:\单片机\STM 32\STM32学习程序\USART_STUDY\程序\USART1\JLinkSettings.ini"
 
JLink info:
------------
DLL: V4.35b, compiled Sep  2 2011 18:34:46
Firmware: J-Link ARM V8 compiled Sep  2 2011 17:54:36
Hardware: V8.00
S/N : 17935099 
Feature(s) : RDI,FlashDL,FlashBP,JFlash 
 
* JLink Info: TotalIRLen = ?, IRPrint = 0x..FFFFFFFFFFFFFFFFFFFFFE11
**JLink Warning: CPU core not found.
Build target 'Target 1'
compiling main.c...
linking...
Program Size: Code=4264 RO-data=268 RW-data=124 ZI-data=516  
FromELF: creating hex file...
".\USER\USART1.axf" - 0 Error(s), 0 Warning(s).
Load "F:\\单片机\\STM 32\\STM32学习程序\\USART_STUDY\\程序\\USART1\\USER\\USART1.AXF" 
* JLink Info: Device "STM32F103RB" selected (128 KB flash, 20 KB RAM).
Set JLink Project File to "F:\单片机\STM 32\STM32学习程序\USART_STUDY\程序\USART1\JLinkSettings.ini"
 
JLink info:
------------
DLL: V4.35b, compiled Sep  2 2011 18:34:46
Firmware: J-Link ARM V8 compiled Sep  2 2011 17:54:36
Hardware: V8.00
S/N : 17935099 
Feature(s) : RDI,FlashDL,FlashBP,JFlash 
 
* JLink Info: TotalIRLen = 9, IRPrint = 0x0011
* JLink Info: Found Cortex-M3 r1p1, Little endian.
* JLink Info: TPIU fitted.
* JLink Info:   FPUnit: 6 code (BP) slots and 2 literal slots
ROMTableAddr = 0xE00FF003
* JLink Info: TotalIRLen = 9, IRPrint = 0x0011
* JLink Info: Found Cortex-M3 r1p1, Little endian.
* JLink Info: TPIU fitted.
* JLink Info:   FPUnit: 6 code (BP) slots and 2 literal slots
 
Target info:
------------
Device: STM32F103RB
VTarget = 3.306V
State of Pins: 
TCK: 1, TDI: 0, TDO: 1, TMS: 0, TRES: 1, TRST: 1
Hardware-Breakpoints: 6
Software-Breakpoints: 8192
Watchpoints:          4
JTAG speed: 50 kHz
 
Erase Done.
Programming Done.
Verify OK.
Build target 'Target 1'
compiling main.c...
linking...
Program Size: Code=4244 RO-data=268 RW-data=124 ZI-data=516  
FromELF: creating hex file...
".\USER\USART1.axf" - 0 Error(s), 0 Warning(s).
Load "F:\\单片机\\STM 32\\STM32学习程序\\USART_STUDY\\程序\\USART1\\USER\\USART1.AXF" 
* JLink Info: Device "STM32F103RB" selected (128 KB flash, 20 KB RAM).
Set JLink Project File to "F:\单片机\STM 32\STM32学习程序\USART_STUDY\程序\USART1\JLinkSettings.ini"
 
JLink info:
------------
DLL: V4.35b, compiled Sep  2 2011 18:34:46
Firmware: J-Link ARM V8 compiled Sep  2 2011 17:54:36
Hardware: V8.00
S/N : 17935099 
Feature(s) : RDI,FlashDL,FlashBP,JFlash 
 
* JLink Info: TotalIRLen = 9, IRPrint = 0x0011
* JLink Info: Found Cortex-M3 r1p1, Little endian.
* JLink Info: TPIU fitted.
* JLink Info:   FPUnit: 6 code (BP) slots and 2 literal slots
ROMTableAddr = 0xE00FF003
* JLink Info: TotalIRLen = 9, IRPrint = 0x0011
* JLink Info: Found Cortex-M3 r1p1, Little endian.
* JLink Info: TPIU fitted.
* JLink Info:   FPUnit: 6 code (BP) slots and 2 literal slots
 
Target info:
------------
Device: STM32F103RB
VTarget = 3.306V
State of Pins: 
TCK: 1, TDI: 0, TDO: 1, TMS: 0, TRES: 1, TRST: 1
Hardware-Breakpoints: 6
Software-Breakpoints: 8192
Watchpoints:          8
JTAG speed: 50 kHz
 
Erase Done.
Programming Done.
Verify OK.
Build target 'Target 1'
compiling main.c...
USER\main.c(97): error:  #20: identifier "D" is undefined
Target not created
Build target 'Target 1'
compiling main.c...
linking...
Program Size: Code=4256 RO-data=268 RW-data=124 ZI-data=516  
FromELF: creating hex file...
".\USER\USART1.axf" - 0 Error(s), 0 Warning(s).
Load "F:\\单片机\\STM 32\\STM32学习程序\\USART_STUDY\\程序\\USART1\\USER\\USART1.AXF" 
* JLink Info: Device "STM32F103RB" selected (128 KB flash, 20 KB RAM).
Set JLink Project File to "F:\单片机\STM 32\STM32学习程序\USART_STUDY\程序\USART1\JLinkSettings.ini"
 
JLink info:
------------
DLL: V4.35b, compiled Sep  2 2011 18:34:46
Firmware: J-Link ARM V8 compiled Sep  2 2011 17:54:36
Hardware: V8.00
S/N : 17935099 
Feature(s) : RDI,FlashDL,FlashBP,JFlash 
 
* JLink Info: TotalIRLen = 9, IRPrint = 0x0011
* JLink Info: Found Cortex-M3 r1p1, Little endian.
* JLink Info: TPIU fitted.
* JLink Info:   FPUnit: 6 code (BP) slots and 2 literal slots
ROMTableAddr = 0xE00FF003
* JLink Info: TotalIRLen = 9, IRPrint = 0x0011
* JLink Info: Found Cortex-M3 r1p1, Little endian.
* JLink Info: TPIU fitted.
* JLink Info:   FPUnit: 6 code (BP) slots and 2 literal slots
 
Target info:
------------
Device: STM32F103RB
VTarget = 3.306V
State of Pins: 
TCK: 1, TDI: 0, TDO: 1, TMS: 0, TRES: 1, TRST: 1
Hardware-Breakpoints: 6
Software-Breakpoints: 8192
Watchpoints:          6
JTAG speed: 50 kHz
 
Erase Done.
Programming Done.
Verify OK.
Build target 'Target 1'
compiling main.c...
compiling stm32f10x_it.c...
linking...
Program Size: Code=4156 RO-data=268 RW-data=124 ZI-data=516  
FromELF: creating hex file...
".\USER\USART1.axf" - 0 Error(s), 0 Warning(s).
Load "F:\\单片机\\STM 32\\STM32学习程序\\USART_STUDY\\程序\\USART1\\USER\\USART1.AXF" 
* JLink Info: Device "STM32F103RB" selected (128 KB flash, 20 KB RAM).
Set JLink Project File to "F:\单片机\STM 32\STM32学习程序\USART_STUDY\程序\USART1\JLinkSettings.ini"
 
JLink info:
------------
DLL: V4.35b, compiled Sep  2 2011 18:34:46
Firmware: J-Link ARM V8 compiled Sep  2 2011 17:54:36
Hardware: V8.00
S/N : 17935099 
Feature(s) : RDI,FlashDL,FlashBP,JFlash 
 
* JLink Info: TotalIRLen = 9, IRPrint = 0x0011
* JLink Info: Found Cortex-M3 r1p1, Little endian.
* JLink Info: TPIU fitted.
* JLink Info:   FPUnit: 6 code (BP) slots and 2 literal slots
ROMTableAddr = 0xE00FF003
* JLink Info: TotalIRLen = 9, IRPrint = 0x0011
* JLink Info: Found Cortex-M3 r1p1, Little endian.
* JLink Info: TPIU fitted.
* JLink Info:   FPUnit: 6 code (BP) slots and 2 literal slots
 
Target info:
------------
Device: STM32F103RB
VTarget = 3.300V
State of Pins: 
TCK: 1, TDI: 0, TDO: 1, TMS: 0, TRES: 1, TRST: 1
Hardware-Breakpoints: 6
Software-Breakpoints: 8192
Watchpoints:          0
JTAG speed: 9600 kHz
 
Erase Done.
Programming Done.
Verify OK.
Build target 'Target 1'
compiling stm32f10x_it.c...
linking...
Program Size: Code=4148 RO-data=268 RW-data=124 ZI-data=516  
FromELF: creating hex file...
".\USER\USART1.axf" - 0 Error(s), 0 Warning(s).
Load "F:\\单片机\\STM 32\\STM32学习程序\\USART_STUDY\\程序\\USART1\\USER\\USART1.AXF" 
* JLink Info: Device "STM32F103RB" selected (128 KB flash, 20 KB RAM).
Set JLink Project File to "F:\单片机\STM 32\STM32学习程序\USART_STUDY\程序\USART1\JLinkSettings.ini"
 
JLink info:
------------
DLL: V4.35b, compiled Sep  2 2011 18:34:46
Firmware: J-Link ARM V8 compiled Sep  2 2011 17:54:36
Hardware: V8.00
S/N : 17935099 
Feature(s) : RDI,FlashDL,FlashBP,JFlash 
 
* JLink Info: TotalIRLen = 9, IRPrint = 0x0011
* JLink Info: Found Cortex-M3 r1p1, Little endian.
* JLink Info: TPIU fitted.
* JLink Info:   FPUnit: 6 code (BP) slots and 2 literal slots
ROMTableAddr = 0xE00FF003
* JLink Info: TotalIRLen = 9, IRPrint = 0x0011
* JLink Info: Found Cortex-M3 r1p1, Little endian.
* JLink Info: TPIU fitted.
* JLink Info:   FPUnit: 6 code (BP) slots and 2 literal slots
 
Target info:
------------
Device: STM32F103RB
VTarget = 3.306V
State of Pins: 
TCK: 1, TDI: 0, TDO: 1, TMS: 0, TRES: 1, TRST: 1
Hardware-Breakpoints: 6
Software-Breakpoints: 8192
Watchpoints:          2
JTAG speed: 9600 kHz
 
Erase Done.
Programming Done.
Verify OK.
Build target 'Target 1'
compiling main.c...
linking...
Program Size: Code=4136 RO-data=268 RW-data=124 ZI-data=516  
FromELF: creating hex file...
".\USER\USART1.axf" - 0 Error(s), 0 Warning(s).
Load "F:\\单片机\\STM 32\\STM32学习程序\\USART_STUDY\\程序\\USART1\\USER\\USART1.AXF" 
* JLink Info: Device "STM32F103RB" selected (128 KB flash, 20 KB RAM).
Set JLink Project File to "F:\单片机\STM 32\STM32学习程序\USART_STUDY\程序\USART1\JLinkSettings.ini"
 
JLink info:
------------
DLL: V4.35b, compiled Sep  2 2011 18:34:46
Firmware: J-Link ARM V8 compiled Sep  2 2011 17:54:36
Hardware: V8.00
S/N : 17935099 
Feature(s) : RDI,FlashDL,FlashBP,JFlash 
 
* JLink Info: TotalIRLen = 9, IRPrint = 0x0011
* JLink Info: Found Cortex-M3 r1p1, Little endian.
* JLink Info: TPIU fitted.
* JLink Info:   FPUnit: 6 code (BP) slots and 2 literal slots
ROMTableAddr = 0xE00FF003
* JLink Info: TotalIRLen = 9, IRPrint = 0x0011
* JLink Info: Found Cortex-M3 r1p1, Little endian.
* JLink Info: TPIU fitted.
* JLink Info:   FPUnit: 6 code (BP) slots and 2 literal slots
 
Target info:
------------
Device: STM32F103RB
VTarget = 3.306V
State of Pins: 
TCK: 1, TDI: 0, TDO: 1, TMS: 0, TRES: 1, TRST: 1
Hardware-Breakpoints: 6
Software-Breakpoints: 8192
Watchpoints:          12
JTAG speed: 9600 kHz
 
Erase Done.
Programming Done.
Verify OK.
Build target 'Target 1'
compiling main.c...
USER\main.c(117): warning:  #177-D: variable "i" was declared but never referenced
compiling stm32f10x_it.c...
linking...
Program Size: Code=4176 RO-data=268 RW-data=128 ZI-data=512  
FromELF: creating hex file...
".\USER\USART1.axf" - 0 Error(s), 1 Warning(s).
Load "F:\\单片机\\STM 32\\STM32学习程序\\USART_STUDY\\程序\\USART1\\USER\\USART1.AXF" 
* JLink Info: Device "STM32F103RB" selected (128 KB flash, 20 KB RAM).
Set JLink Project File to "F:\单片机\STM 32\STM32学习程序\USART_STUDY\程序\USART1\JLinkSettings.ini"
 
JLink info:
------------
DLL: V4.35b, compiled Sep  2 2011 18:34:46
Firmware: J-Link ARM V8 compiled Sep  2 2011 17:54:36
Hardware: V8.00
S/N : 17935099 
Feature(s) : RDI,FlashDL,FlashBP,JFlash 
 
* JLink Info: TotalIRLen = 9, IRPrint = 0x0011
* JLink Info: Found Cortex-M3 r1p1, Little endian.
* JLink Info: TPIU fitted.
* JLink Info:   FPUnit: 6 code (BP) slots and 2 literal slots
ROMTableAddr = 0xE00FF003
* JLink Info: TotalIRLen = 9, IRPrint = 0x0011
* JLink Info: Found Cortex-M3 r1p1, Little endian.
* JLink Info: TPIU fitted.
* JLink Info:   FPUnit: 6 code (BP) slots and 2 literal slots
 
Target info:
------------
Device: STM32F103RB
VTarget = 3.306V
State of Pins: 
TCK: 1, TDI: 0, TDO: 1, TMS: 0, TRES: 1, TRST: 1
Hardware-Breakpoints: 6
Software-Breakpoints: 8192
Watchpoints:          8
JTAG speed: 9600 kHz
 
Erase Done.
Programming Done.
Verify OK.
Build target 'Target 1'
compiling main.c...
compiling stm32f10x_it.c...
linking...
Program Size: Code=4276 RO-data=268 RW-data=124 ZI-data=516  
FromELF: creating hex file...
".\USER\USART1.axf" - 0 Error(s), 0 Warning(s).
Load "F:\\单片机\\STM 32\\STM32学习程序\\USART_STUDY\\程序\\USART1\\USER\\USART1.AXF" 
* JLink Info: Device "STM32F103RB" selected (128 KB flash, 20 KB RAM).
Set JLink Project File to "F:\单片机\STM 32\STM32学习程序\USART_STUDY\程序\USART1\JLinkSettings.ini"
 
JLink info:
------------
DLL: V4.35b, compiled Sep  2 2011 18:34:46
Firmware: J-Link ARM V8 compiled Sep  2 2011 17:54:36
Hardware: V8.00
S/N : 17935099 
Feature(s) : RDI,FlashDL,FlashBP,JFlash 
 
* JLink Info: TotalIRLen = 9, IRPrint = 0x0011
* JLink Info: Found Cortex-M3 r1p1, Little endian.
* JLink Info: TPIU fitted.
* JLink Info:   FPUnit: 6 code (BP) slots and 2 literal slots
ROMTableAddr = 0xE00FF003
* JLink Info: TotalIRLen = 9, IRPrint = 0x0011
* JLink Info: Found Cortex-M3 r1p1, Little endian.
* JLink Info: TPIU fitted.
* JLink Info:   FPUnit: 6 code (BP) slots and 2 literal slots
 
Target info:
------------
Device: STM32F103RB
VTarget = 3.306V
State of Pins: 
TCK: 1, TDI: 0, TDO: 1, TMS: 0, TRES: 1, TRST: 1
Hardware-Breakpoints: 6
Software-Breakpoints: 8192
Watchpoints:          2
JTAG speed: 9600 kHz
 
Erase Done.
Programming Done.
Verify OK.
